// Jest Snapshot v1, https://goo.gl/fbAQLP

exports[`LegDetail smoke and snapshot tests matches LegDetail snapshot 1`] = `
<DocumentFragment>
  <div
    class="LegDetail container"
  >
    <div
      class="pt-2 pl-3 pr-3 my-auto row"
    >
      <div
        class="col-10"
      >
        <div
          class="LegDetail__dateInfo row"
        >
          <img
            alt="WZ"
            class="pr-2 my-auto LegDetail__airlineLogo"
            src="https://logos.skyscnr.com/images/airlines/favicon/WZ.png"
          />
          <div
            class="flex-grow-0 pr-4 col"
          >
            <div
              class="py-1 row"
            >
              15:35

            </div>
            <div
              class="font-weight-light row"
            >
              BUD
            </div>
          </div>
          <img
            alt="arrow-right"
            class="LegDetail__arrowRight"
            src="/long-arrow-right.svg"
          />
          <div
            class="flex-grow-0 pl-4 col"
          >
            <div
              class="py-1 row"
            >
              17:00

            </div>
            <div
              class="font-weight-light row"
            >
              LTN
            </div>
          </div>
        </div>
      </div>
      <div
        class="col"
      >
        <div
          class="justify-content-end py-2 font-weight-light row"
        >
          2h 25
        </div>
        <div
          class="justify-content-end LegDetail__noStops row"
        >
          Direct
        </div>
      </div>
    </div>
  </div>
</DocumentFragment>
`;
